// Jest Snapshot v1, https://goo.gl/fbAQLP

exports[`should render ExpenseListItem with expense 1`] = `
<Link
  className="list-item"
  to="/edit/1"
>
  <div>
    <h3>
      Gum
    </h3>
    <span>
      $1.95
    </span>
  </div>
  <h3>
    December 31st, 1969
  </h3>
</Link>
`;
